// Jest Snapshot v1, https://goo.gl/fbAQLP

exports[`Alert Status matches Snapshot 1`] = `
.c0 {
  padding: 16px;
  margin: 8px;
  display: -webkit-box;
  display: -webkit-flex;
  display: -ms-flexbox;
  display: flex;
  -webkit-align-items: center;
  -webkit-box-align: center;
  -ms-flex-align: center;
  align-items: center;
}

.c2 {
  font-family: -apple-system,system-UI,BlinkMacSystemFont,Segoe UI,Roboto,Helvetica Neue,Arial,sans-serif;
  font-size: 1rem;
  line-height: 1.5em;
  margin: 0;
  width: 100%;
}

.c1 {
  border-color: #2a2a2a;
  border-width: 1px 2px 4px 1px;
  border-style: solid;
  border-radius: 4px;
  background-color: #3DFF9F;
  padding: 16px;
  margin: 8px;
}

.c3 {
  border-color: #2a2a2a;
  border-width: 1px 2px 4px 1px;
  border-style: solid;
  border-radius: 4px;
  background-color: #56FEFF;
  padding: 16px;
  margin: 8px;
}

.c4 {
  border-color: #2a2a2a;
  border-width: 1px 2px 4px 1px;
  border-style: solid;
  border-radius: 4px;
  background-color: #ffef4f;
  padding: 16px;
  margin: 8px;
}

.c5 {
  border-color: #2a2a2a;
  border-width: 1px 2px 4px 1px;
  border-style: solid;
  border-radius: 4px;
  background-color: #f9423a;
  color: #fff;
  padding: 16px;
  margin: 8px;
}

@media screen and (min-width:30rem) {
  .c2 {
    line-height: 1.5em;
  }
}

@media screen and (min-width:48rem) {
  .c2 {
    line-height: 1.666em;
  }
}

<div>
  <div
    class="c0 c1"
    display="flex"
  >
    <p
      class="c2"
      width="100%"
    >
      Dies ist eine Erolgsmeldung
    </p>
  </div>
  <div
    class="c0 c3"
    display="flex"
  >
    <p
      class="c2"
      width="100%"
    >
      Merke dir dies und das!
    </p>
  </div>
  <div
    class="c0 c4"
    display="flex"
  >
    <p
      class="c2"
      width="100%"
    >
      Dies ist eine Warnung!
    </p>
  </div>
  <div
    class="c0 c5"
    display="flex"
  >
    <p
      class="c2"
      width="100%"
    >
      So geht das nicht. Error!
    </p>
  </div>
</div>
`;
