// Jest Snapshot v1, https://goo.gl/fbAQLP

exports[`Switch variants matches snapshot 1`] = `
.c1 {
  font-family: -apple-system,system-UI,BlinkMacSystemFont,Segoe UI,Roboto,Helvetica Neue,Arial,sans-serif;
  font-size: 1rem;
  line-height: 1.5em;
}

.c2 {
  display: inline-block;
  position: relative;
  min-width: 2.5rem;
  width: 2.5rem;
  height: 1.5rem;
  border-radius: 0.75rem;
  -webkit-transition: all 0.1s ease-in-out;
  transition: all 0.1s ease-in-out;
  margin-left: 16px;
  background-color: #cccccc;
  border: 2px solid;
  border-color: #cccccc;
}

.c5 {
  display: inline-block;
  position: relative;
  min-width: 2.5rem;
  width: 2.5rem;
  height: 1.5rem;
  border-radius: 0.75rem;
  -webkit-transition: all 0.1s ease-in-out;
  transition: all 0.1s ease-in-out;
  margin-left: 16px;
  background-color: #34e88f;
  border: 2px solid;
  border-color: #34e88f;
}

.c8 {
  display: inline-block;
  position: relative;
  min-width: 2.5rem;
  width: 2.5rem;
  height: 1.5rem;
  border-radius: 0.75rem;
  -webkit-transition: all 0.1s ease-in-out;
  transition: all 0.1s ease-in-out;
  margin-left: 16px;
  background-color: #e8e8e8;
  border: 2px solid;
  border-color: #e8e8e8;
}

.c13 {
  display: inline-block;
  position: relative;
  min-width: 2.5rem;
  width: 2.5rem;
  height: 1.5rem;
  border-radius: 0.75rem;
  -webkit-transition: all 0.1s ease-in-out;
  transition: all 0.1s ease-in-out;
  margin-left: 16px;
  background-color: #8F8F8F;
  border: 2px solid;
  border-color: #8F8F8F;
}

.c16 {
  display: inline-block;
  position: relative;
  min-width: 2.5rem;
  width: 2.5rem;
  height: 1.5rem;
  border-radius: 0.75rem;
  -webkit-transition: all 0.1s ease-in-out;
  transition: all 0.1s ease-in-out;
  margin-left: 16px;
  background-color: #000;
  border: 2px solid;
  border-color: #000;
}

.c3 {
  position: absolute;
  width: 1.5rem;
  height: 1.5rem;
  top: -2px;
  left: -2px;
  border-radius: 50%;
  -webkit-transition: all 0.15s ease-in-out;
  transition: all 0.15s ease-in-out;
  -webkit-transform: translateX(0);
  -ms-transform: translateX(0);
  transform: translateX(0);
  background-color: #fff;
  border: 2px solid;
  border-color: #cccccc;
}

.c6 {
  position: absolute;
  width: 1.5rem;
  height: 1.5rem;
  top: -2px;
  left: -2px;
  border-radius: 50%;
  -webkit-transition: all 0.15s ease-in-out;
  transition: all 0.15s ease-in-out;
  -webkit-transform: translateX(1rem);
  -ms-transform: translateX(1rem);
  transform: translateX(1rem);
  background-color: #fff;
  border: 2px solid;
  border-color: #34e88f;
}

.c9 {
  position: absolute;
  width: 1.5rem;
  height: 1.5rem;
  top: -2px;
  left: -2px;
  border-radius: 50%;
  -webkit-transition: all 0.15s ease-in-out;
  transition: all 0.15s ease-in-out;
  -webkit-transform: translateX(1rem);
  -ms-transform: translateX(1rem);
  transform: translateX(1rem);
  background-color: #fff;
  border: 2px solid;
  border-color: #e8e8e8;
}

.c11 {
  position: absolute;
  width: 1.5rem;
  height: 1.5rem;
  top: -2px;
  left: -2px;
  border-radius: 50%;
  -webkit-transition: all 0.15s ease-in-out;
  transition: all 0.15s ease-in-out;
  -webkit-transform: translateX(0);
  -ms-transform: translateX(0);
  transform: translateX(0);
  background-color: #fff;
  border: 2px solid;
  border-color: #e8e8e8;
}

.c14 {
  position: absolute;
  width: 1.5rem;
  height: 1.5rem;
  top: -2px;
  left: -2px;
  border-radius: 50%;
  -webkit-transition: all 0.15s ease-in-out;
  transition: all 0.15s ease-in-out;
  -webkit-transform: translateX(0);
  -ms-transform: translateX(0);
  transform: translateX(0);
  background-color: #2a2a2a;
  border: 2px solid;
  border-color: #8F8F8F;
}

.c15 {
  position: absolute;
  width: 1.5rem;
  height: 1.5rem;
  top: -2px;
  left: -2px;
  border-radius: 50%;
  -webkit-transition: all 0.15s ease-in-out;
  transition: all 0.15s ease-in-out;
  -webkit-transform: translateX(1rem);
  -ms-transform: translateX(1rem);
  transform: translateX(1rem);
  background-color: #2a2a2a;
  border: 2px solid;
  border-color: #34e88f;
}

.c17 {
  position: absolute;
  width: 1.5rem;
  height: 1.5rem;
  top: -2px;
  left: -2px;
  border-radius: 50%;
  -webkit-transition: all 0.15s ease-in-out;
  transition: all 0.15s ease-in-out;
  -webkit-transform: translateX(1rem);
  -ms-transform: translateX(1rem);
  transform: translateX(1rem);
  background-color: #2a2a2a;
  border: 2px solid;
  border-color: #000;
}

.c18 {
  position: absolute;
  width: 1.5rem;
  height: 1.5rem;
  top: -2px;
  left: -2px;
  border-radius: 50%;
  -webkit-transition: all 0.15s ease-in-out;
  transition: all 0.15s ease-in-out;
  -webkit-transform: translateX(0);
  -ms-transform: translateX(0);
  transform: translateX(0);
  background-color: #2a2a2a;
  border: 2px solid;
  border-color: #000;
}

.c4 {
  position: absolute;
  width: 100%;
  height: 100%;
  opacity: 0;
  margin: 0;
  cursor: default;
}

.c10 {
  position: absolute;
  width: 100%;
  height: 100%;
  opacity: 0;
  margin: 0;
  cursor: not-allowed;
}

.c0 {
  display: -webkit-inline-box;
  display: -webkit-inline-flex;
  display: -ms-inline-flexbox;
  display: inline-flex;
  -webkit-box-pack: justify;
  -webkit-justify-content: space-between;
  -ms-flex-pack: justify;
  justify-content: space-between;
  -webkit-align-items: center;
  -webkit-box-align: center;
  -ms-flex-align: center;
  align-items: center;
  cursor: default;
  color: black;
}

.c7 {
  display: -webkit-inline-box;
  display: -webkit-inline-flex;
  display: -ms-inline-flexbox;
  display: inline-flex;
  -webkit-box-pack: justify;
  -webkit-justify-content: space-between;
  -ms-flex-pack: justify;
  justify-content: space-between;
  -webkit-align-items: center;
  -webkit-box-align: center;
  -ms-flex-align: center;
  align-items: center;
  cursor: not-allowed;
  color: shades.grey155;
}

.c12 {
  display: -webkit-inline-box;
  display: -webkit-inline-flex;
  display: -ms-inline-flexbox;
  display: inline-flex;
  -webkit-box-pack: justify;
  -webkit-justify-content: space-between;
  -ms-flex-pack: justify;
  justify-content: space-between;
  -webkit-align-items: center;
  -webkit-box-align: center;
  -ms-flex-align: center;
  align-items: center;
  cursor: default;
  color: white;
}

@media screen and (min-width:30rem) {
  .c1 {
    line-height: 1.5em;
  }
}

@media screen and (min-width:48rem) {
  .c1 {
    line-height: 1.666em;
  }
}

<div>
  <label
    class="c0"
    readonly=""
  >
    <span
      class="c1"
    >
      Switch unchecked
    </span>
    <div
      class="c2"
    >
      <div
        class="c3"
      />
      <input
        class="c4"
        name="unchecked"
        readonly=""
        type="checkbox"
        value="true"
      />
    </div>
  </label>
  <label
    class="c0"
    readonly=""
  >
    <span
      class="c1"
    >
      Switch checked
    </span>
    <div
      class="c5"
    >
      <div
        class="c6"
      />
      <input
        checked=""
        class="c4"
        name="checked"
        readonly=""
        type="checkbox"
        value="true"
      />
    </div>
  </label>
  <label
    class="c7"
    disabled=""
    readonly=""
  >
    <span
      class="c1"
    >
      Switch disabled checked
    </span>
    <div
      class="c8"
      disabled=""
    >
      <div
        class="c9"
        disabled=""
      />
      <input
        checked=""
        class="c10"
        disabled=""
        name="disabled"
        readonly=""
        type="checkbox"
        value="true"
      />
    </div>
  </label>
  <label
    class="c7"
    disabled=""
    readonly=""
  >
    <span
      class="c1"
    >
      Switch disabled unchecked
    </span>
    <div
      class="c8"
      disabled=""
    >
      <div
        class="c11"
        disabled=""
      />
      <input
        class="c10"
        disabled=""
        name="disabled"
        readonly=""
        type="checkbox"
        value="true"
      />
    </div>
  </label>
  <label
    class="c12"
    readonly=""
  >
    <span
      class="c1"
    >
      Switch unchecked
    </span>
    <div
      class="c13"
    >
      <div
        class="c14"
      />
      <input
        class="c4"
        name="unchecked"
        readonly=""
        type="checkbox"
        value="true"
      />
    </div>
  </label>
  <label
    class="c12"
    readonly=""
  >
    <span
      class="c1"
    >
      Switch checked
    </span>
    <div
      class="c5"
    >
      <div
        class="c15"
      />
      <input
        checked=""
        class="c4"
        name="checked"
        readonly=""
        type="checkbox"
        value="true"
      />
    </div>
  </label>
  <label
    class="c7"
    disabled=""
    readonly=""
  >
    <span
      class="c1"
    >
      Switch disabled checked
    </span>
    <div
      class="c16"
      disabled=""
    >
      <div
        class="c17"
        disabled=""
      />
      <input
        checked=""
        class="c10"
        disabled=""
        name="disabled"
        readonly=""
        type="checkbox"
        value="true"
      />
    </div>
  </label>
  <label
    class="c7"
    disabled=""
    readonly=""
  >
    <span
      class="c1"
    >
      Switch disabled unchecked
    </span>
    <div
      class="c16"
      disabled=""
    >
      <div
        class="c18"
        disabled=""
      />
      <input
        class="c10"
        disabled=""
        name="disabled"
        readonly=""
        type="checkbox"
        value="true"
      />
    </div>
  </label>
</div>
`;
