// Jest Snapshot v1, https://goo.gl/fbAQLP

exports[`Badge matches snapshot 1`] = `
.c0 {
  font-size: 0.75rem;
  font-weight: 500;
  border-radius: 2px;
  padding-left: 4px;
  padding-right: 4px;
  padding-top: 2px;
  padding-bottom: 2px;
  color: #fff;
  background-color: #f9423a;
}

<span
  class="c0"
>
  text
</span>
`;
