// Jest Snapshot v1, https://goo.gl/fbAQLP

exports[`Punchline machtes snapshot 1`] = `
.c0 {
  font-family: "adelle-sans",sans-serif;
  font-size: 1.5rem;
  line-height: 1.333em;
  font-size: 2.5rem;
  text-align: left;
  line-height: 1.5em;
  padding-bottom: 0;
  color: #fff;
  background-color: #000;
  box-shadow: 0.625rem 0 0 #000,-0.625rem 0 0 #000;
  display: inline;
}

@media screen and (min-width:30rem) {
  .c0 {
    font-size: 1.75rem;
  }
}

@media screen and (min-width:48rem) {
  .c0 {
    font-size: 2rem;
  }
}

@media screen and (min-width:61.25rem) {
  .c0 {
    font-size: 2.25rem;
  }
}

@media screen and (min-width:90rem) {
  .c0 {
    font-size: 2.5rem;
  }
}

@media screen and (min-width:30rem) {
  .c0 {
    line-height: 1.333em;
  }
}

@media screen and (min-width:48rem) {
  .c0 {
    line-height: 1.333em;
  }
}

@media screen and (min-width:61.25rem) {
  .c0 {
    line-height: 1.25em;
  }
}

@media screen and (min-width:90rem) {
  .c0 {
    line-height: 1.25em;
  }
}

@media screen and (min-width:30rem) {
  .c0 {
    font-size: 3rem;
    line-height: 1.5em;
  }
}

@media screen and (min-width:48rem) {
  .c0 {
    font-size: 3.5rem;
    line-height: 1.6em;
  }
}

@media screen and (min-width:61.25rem) {
  .c0 {
    font-size: 4rem;
    line-height: 1.6em;
  }
}

@media screen and (min-width:30rem) {
  .c0 {
    padding-bottom: 0;
  }
}

@media screen and (min-width:48rem) {
  .c0 {
    padding-bottom: 4px;
  }
}

@media screen and (min-width:61.25rem) {
  .c0 {
    padding-bottom: 4px;
  }
}

<h1
  class="c0"
>
  Test
</h1>
`;
