// Jest Snapshot v1, https://goo.gl/fbAQLP

exports[`Author Card matches snapshot 1`] = `
.c0 {
  display: block;
  background-color: white;
  display: -webkit-box;
  display: -webkit-flex;
  display: -ms-flexbox;
  display: flex;
  -webkit-flex-direction: column;
  -ms-flex-direction: column;
  flex-direction: column;
  -webkit-flex-wrap: nowrap;
  -ms-flex-wrap: nowrap;
  flex-wrap: nowrap;
  height: 100%;
  -webkit-box-pack: start;
  -webkit-justify-content: flex-start;
  -ms-flex-pack: start;
  justify-content: flex-start;
  -webkit-box-pack: stretch;
  -webkit-justify-content: stretch;
  -ms-flex-pack: stretch;
  justify-content: stretch;
  -webkit-text-decoration: none;
  text-decoration: none;
  overflow: hidden;
  -webkit-transition: box-shadow .15s ease-out,-webkit-transform .15s ease-out;
  -webkit-transition: box-shadow .15s ease-out,transform .15s ease-out;
  transition: box-shadow .15s ease-out,transform .15s ease-out;
  border: 1px solid #cccccc;
  border-radius: 4px;
  width: 100%;
  padding: 16px;
  color: #2a2a2a;
  box-shadow: 0 2px 10px rgba(0,0,0,.15);
  margin-bottom: 16px;
}

.c0:hover {
  box-shadow: 0 5px 20px 0 rgba(0,0,0,.2);
  -webkit-transform: translate3d(0,-2px,0);
  -ms-transform: translate3d(0,-2px,0);
  transform: translate3d(0,-2px,0);
}

.c0 .c5 {
  margin-left: -24px;
  margin-right: -24px;
  margin-top: -24px;
  margin-bottom: 24px;
}

.c0 .c5 .c4 {
  padding: 16px;
}

.c1 {
  font-weight: bold;
  background-color: #f9423a;
  padding: 0 2px;
  font-size: 0.875rem;
  border-radius: 0;
}

.c2 {
  font-family: "adelle-sans",sans-serif;
  font-size: 1.125rem;
  line-height: 1.5em;
  margin-top: 8px;
  margin-bottom: 56px;
}

.c3 {
  display: -webkit-box;
  display: -webkit-flex;
  display: -ms-flexbox;
  display: flex;
  -webkit-align-items: center;
  -webkit-box-align: center;
  -ms-flex-align: center;
  align-items: center;
}

@media screen and (min-width:30rem) {
  .c0 {
    padding: 24px;
  }
}

@media screen and (min-width:30rem) {
  .c0 .c5 .c4 {
    padding: 24px;
  }
}

@media screen and (min-width:30rem) {
  .c2 {
    font-size: 1.125rem;
  }
}

@media screen and (min-width:48rem) {
  .c2 {
    font-size: 1.125rem;
  }
}

@media screen and (min-width:61.25rem) {
  .c2 {
    font-size: 1.125rem;
  }
}

@media screen and (min-width:90rem) {
  .c2 {
    font-size: 1.25rem;
  }
}

@media screen and (min-width:30rem) {
  .c2 {
    line-height: 1.5em;
  }
}

@media screen and (min-width:48rem) {
  .c2 {
    line-height: 1.5em;
  }
}

@media screen and (min-width:61.25rem) {
  .c2 {
    line-height: 1.5em;
  }
}

@media screen and (min-width:90rem) {
  .c2 {
    line-height: 1.333em;
  }
}

<a
  class="c0"
  color="text.primary"
  href="https://t3n.de"
  width="1"
>
  <div>
    <span
      class="c1"
    >
      News
    </span>
  </div>
  <div
    style="flex: 1;"
  >
    <h2
      class="c2"
    >
      Auhor Card
    </h2>
  </div>
  <div
    class="c3"
  >
    <img
      alt="t3n Redaktion"
      src=""
      style="margin-right: 1rem; border-radius: 50%;"
      width="40"
    />
     
    t3n Redaktion
  </div>
</a>
`;
