// Jest Snapshot v1, https://goo.gl/fbAQLP

exports[`Accordion machtes snapshot 1`] = `
.c5 {
  width: 2rem;
  height: 2rem;
  fill: #8F8F8F;
  position: relative;
}

.c2 {
  font-family: "adelle-sans",sans-serif;
  font-size: 1.125rem;
  line-height: 1.5em;
  margin: 0;
}

.c0 {
  border-radius: 4px;
  border: 1px solid #e8e8e8;
  background-color: #fff;
}

.c1 {
  padding: 16px;
  display: -webkit-box;
  display: -webkit-flex;
  display: -ms-flexbox;
  display: flex;
  -webkit-box-pack: justify;
  -webkit-justify-content: space-between;
  -ms-flex-pack: justify;
  justify-content: space-between;
  cursor: pointer;
}

.c1:focus {
  outline: none;
}

.c3 {
  margin-left: 8px;
  background-color: #f4f4f4;
  border-radius: 50%;
  height: 2rem;
  width: 2rem;
}

.c3 .c4 {
  -webkit-transform: rotate(0deg);
  -ms-transform: rotate(0deg);
  transform: rotate(0deg);
  -webkit-transition: -webkit-transform 0.2s ease-in;
  -webkit-transition: transform 0.2s ease-in;
  transition: transform 0.2s ease-in;
}

.c6 .c4 {
  -webkit-transform: rotate(180deg);
  -ms-transform: rotate(180deg);
  transform: rotate(180deg);
  -webkit-transition: -webkit-transform 0.2s ease-in;
  -webkit-transition: transform 0.2s ease-in;
  transition: transform 0.2s ease-in;
}

@media screen and (min-width:30rem) {
  .c2 {
    font-size: 1.125rem;
  }
}

@media screen and (min-width:48rem) {
  .c2 {
    font-size: 1.25rem;
  }
}

@media screen and (min-width:61.25rem) {
  .c2 {
    font-size: 1.25rem;
  }
}

@media screen and (min-width:90rem) {
  .c2 {
    font-size: 1.5rem;
  }
}

@media screen and (min-width:30rem) {
  .c2 {
    line-height: 1.5em;
  }
}

@media screen and (min-width:48rem) {
  .c2 {
    line-height: 1.333em;
  }
}

@media screen and (min-width:61.25rem) {
  .c2 {
    line-height: 1.333em;
  }
}

@media screen and (min-width:90rem) {
  .c2 {
    line-height: 1.333em;
  }
}

@media screen and (min-width:30rem) {

}

@media screen and (min-width:48rem) {

}

@media screen and (min-width:30rem) {
  .c1 {
    padding: 16px;
  }
}

@media screen and (min-width:48rem) {
  .c1 {
    padding: 24px;
  }
}

<div
  class="c0"
>
  <div
    class="c1"
    role="button"
    tabindex="0"
  >
    <h3
      class="c2"
    >
      Some Accordion
    </h3>
    <div
      class="c3"
    >
      <svg
        class="c4 c5"
        fill="shades.grey143"
        viewBox="0 0 24 24"
      >
        <path
          d="M7 10l5 5 5-5z"
        />
      </svg>
    </div>
  </div>
</div>
`;
