// Jest Snapshot v1, https://goo.gl/fbAQLP

exports[`NoticeBox Status matches Snapshot 1`] = `
.c0 {
  padding: 16px;
  margin: 8px;
  display: -webkit-box;
  display: -webkit-flex;
  display: -ms-flexbox;
  display: flex;
  -webkit-align-items: center;
  -webkit-box-align: center;
  -ms-flex-align: center;
  align-items: center;
}

.c2 {
  font-family: -apple-system,system-UI,BlinkMacSystemFont,Segoe UI,Roboto,Helvetica Neue,Arial,sans-serif;
  font-size: 1rem;
  line-height: 1.5em;
  margin: 0;
  width: 100%;
}

.c1 {
  border-color: #2a2a2a;
  border-width: 1px 2px 4px 1px;
  border-style: solid;
  border-radius: 4px;
  background-color: #56FEFF;
  padding: 16px;
  margin: 8px;
}

.c1 a {
  background-image: url('data:image/svg+xml;base64,PHN2ZyBwcmVzZXJ2ZUFzcGVjdFJhdGlvPSJub25lIiB2aWV3Qm94PSIwIDAgMSAxIiB4bWxucz0iaHR0cDovL3d3dy53My5vcmcvMjAwMC9zdmciPjxnIHN0cm9rZT0icmdiKDk1LDk1LDk1KSI+PHJlY3QgeD0iMCIgeT0iMCIgd2lkdGg9IjEiIGhlaWdodD0iMSIgLz48L2c+PC9zdmc+');
}

.c1 a:visited,
.c1 a:hover,
.c1 a:focus {
  color: #2a2a2a;
  -webkit-text-decoration: none;
  text-decoration: none;
  background-repeat: repeat-x;
  background-size: 1px 1px;
  background-position: 0 100%;
  background-image: url('data:image/svg+xml;base64,PHN2ZyBwcmVzZXJ2ZUFzcGVjdFJhdGlvPSJub25lIiB2aWV3Qm94PSIwIDAgMSAxIiB4bWxucz0iaHR0cDovL3d3dy53My5vcmcvMjAwMC9zdmciPjxnIHN0cm9rZT0icmdiKDI0OSw2Niw1OCkiPjxyZWN0IHg9IjAiIHk9IjAiIHdpZHRoPSIxIiBoZWlnaHQ9IjEiIC8+PC9nPjwvc3ZnPg==');
}

@media screen and (min-width:30rem) {
  .c2 {
    line-height: 1.5em;
  }
}

@media screen and (min-width:48rem) {
  .c2 {
    line-height: 1.666em;
  }
}

<div>
  <div
    class="c0 c1"
    display="flex"
  >
    <p
      class="c2"
      width="100%"
    >
      Dies ist eine Erfolgsmeldung
    </p>
  </div>
</div>
`;
