// Jest Snapshot v1, https://goo.gl/fbAQLP

exports[`Tag Variants matches snapshot 1`] = `
.c0 {
  display: -webkit-inline-box;
  display: -webkit-inline-flex;
  display: -ms-inline-flexbox;
  display: inline-flex;
  -webkit-align-items: center;
  -webkit-box-align: center;
  -ms-flex-align: center;
  align-items: center;
  border-radius: 30px;
  font-family: -apple-system,system-UI,BlinkMacSystemFont,Segoe UI,Roboto,Helvetica Neue,Arial,sans-serif;
  font-size: 1rem;
  line-height: 1.5em;
  padding-left: 16px;
  padding-right: 16px;
  padding-top: 4px;
  padding-bottom: 4px;
  background-color: #fff;
  color: #2a2a2a;
}

.c0 svg {
  margin-top: 4px;
  margin-left: 8px;
  fill: #2a2a2a;
}

.c1 {
  display: -webkit-inline-box;
  display: -webkit-inline-flex;
  display: -ms-inline-flexbox;
  display: inline-flex;
  -webkit-align-items: center;
  -webkit-box-align: center;
  -ms-flex-align: center;
  align-items: center;
  border-radius: 30px;
  font-family: -apple-system,system-UI,BlinkMacSystemFont,Segoe UI,Roboto,Helvetica Neue,Arial,sans-serif;
  font-size: 1rem;
  line-height: 1.5em;
  padding-left: 16px;
  padding-right: 16px;
  padding-top: 4px;
  padding-bottom: 4px;
  background-color: #f4f4f4;
  color: #2a2a2a;
}

.c1 svg {
  margin-top: 4px;
  margin-left: 8px;
  fill: #2a2a2a;
}

.c2 {
  display: -webkit-inline-box;
  display: -webkit-inline-flex;
  display: -ms-inline-flexbox;
  display: inline-flex;
  -webkit-align-items: center;
  -webkit-box-align: center;
  -ms-flex-align: center;
  align-items: center;
  border-radius: 30px;
  font-family: -apple-system,system-UI,BlinkMacSystemFont,Segoe UI,Roboto,Helvetica Neue,Arial,sans-serif;
  font-size: 1rem;
  line-height: 1.5em;
  padding-left: 16px;
  padding-right: 16px;
  padding-top: 4px;
  padding-bottom: 4px;
  background-color: #2a2a2a;
  color: #fff;
}

.c2 svg {
  margin-top: 4px;
  margin-left: 8px;
  fill: #fff;
}

.c3 {
  display: -webkit-inline-box;
  display: -webkit-inline-flex;
  display: -ms-inline-flexbox;
  display: inline-flex;
  -webkit-align-items: center;
  -webkit-box-align: center;
  -ms-flex-align: center;
  align-items: center;
  border-radius: 30px;
  font-family: -apple-system,system-UI,BlinkMacSystemFont,Segoe UI,Roboto,Helvetica Neue,Arial,sans-serif;
  font-size: 1rem;
  line-height: 1.5em;
  padding-left: 16px;
  padding-right: 16px;
  padding-top: 4px;
  padding-bottom: 4px;
  background-color: #000;
  color: #fff;
}

.c3 svg {
  margin-top: 4px;
  margin-left: 8px;
  fill: #fff;
}

.c4 {
  display: -webkit-inline-box;
  display: -webkit-inline-flex;
  display: -ms-inline-flexbox;
  display: inline-flex;
  -webkit-align-items: center;
  -webkit-box-align: center;
  -ms-flex-align: center;
  align-items: center;
  border-radius: 30px;
  font-family: -apple-system,system-UI,BlinkMacSystemFont,Segoe UI,Roboto,Helvetica Neue,Arial,sans-serif;
  font-size: 0.875rem;
  line-height: 1.5em;
  padding-left: 8px;
  padding-right: 8px;
  padding-top: 2px;
  padding-bottom: 2px;
  background-color: #fff;
  color: #2a2a2a;
}

.c4 svg {
  margin-top: 4px;
  margin-left: 8px;
  fill: #2a2a2a;
}

.c5 {
  display: -webkit-inline-box;
  display: -webkit-inline-flex;
  display: -ms-inline-flexbox;
  display: inline-flex;
  -webkit-align-items: center;
  -webkit-box-align: center;
  -ms-flex-align: center;
  align-items: center;
  border-radius: 30px;
  font-family: -apple-system,system-UI,BlinkMacSystemFont,Segoe UI,Roboto,Helvetica Neue,Arial,sans-serif;
  font-size: 0.875rem;
  line-height: 1.5em;
  padding-left: 8px;
  padding-right: 8px;
  padding-top: 2px;
  padding-bottom: 2px;
  background-color: #f4f4f4;
  color: #2a2a2a;
}

.c5 svg {
  margin-top: 4px;
  margin-left: 8px;
  fill: #2a2a2a;
}

.c6 {
  display: -webkit-inline-box;
  display: -webkit-inline-flex;
  display: -ms-inline-flexbox;
  display: inline-flex;
  -webkit-align-items: center;
  -webkit-box-align: center;
  -ms-flex-align: center;
  align-items: center;
  border-radius: 30px;
  font-family: -apple-system,system-UI,BlinkMacSystemFont,Segoe UI,Roboto,Helvetica Neue,Arial,sans-serif;
  font-size: 0.875rem;
  line-height: 1.5em;
  padding-left: 8px;
  padding-right: 8px;
  padding-top: 2px;
  padding-bottom: 2px;
  background-color: #2a2a2a;
  color: #fff;
}

.c6 svg {
  margin-top: 4px;
  margin-left: 8px;
  fill: #fff;
}

.c7 {
  display: -webkit-inline-box;
  display: -webkit-inline-flex;
  display: -ms-inline-flexbox;
  display: inline-flex;
  -webkit-align-items: center;
  -webkit-box-align: center;
  -ms-flex-align: center;
  align-items: center;
  border-radius: 30px;
  font-family: -apple-system,system-UI,BlinkMacSystemFont,Segoe UI,Roboto,Helvetica Neue,Arial,sans-serif;
  font-size: 0.875rem;
  line-height: 1.5em;
  padding-left: 8px;
  padding-right: 8px;
  padding-top: 2px;
  padding-bottom: 2px;
  background-color: #000;
  color: #fff;
}

.c7 svg {
  margin-top: 4px;
  margin-left: 8px;
  fill: #fff;
}

@media screen and (min-width:30rem) {
  .c0 {
    line-height: 1.5em;
  }
}

@media screen and (min-width:48rem) {
  .c0 {
    line-height: 1.666em;
  }
}

@media screen and (min-width:30rem) {
  .c1 {
    line-height: 1.5em;
  }
}

@media screen and (min-width:48rem) {
  .c1 {
    line-height: 1.666em;
  }
}

@media screen and (min-width:30rem) {
  .c2 {
    line-height: 1.5em;
  }
}

@media screen and (min-width:48rem) {
  .c2 {
    line-height: 1.666em;
  }
}

@media screen and (min-width:30rem) {
  .c3 {
    line-height: 1.5em;
  }
}

@media screen and (min-width:48rem) {
  .c3 {
    line-height: 1.666em;
  }
}

<div>
  <div
    class="c0"
  >
    primary tag
  </div>
  <div
    class="c1"
  >
    secondary tag
  </div>
  <div
    class="c2"
  >
    inverse tag
  </div>
  <div
    class="c3"
  >
    black tag
  </div>
  <div
    class="c4"
  >
    small primary tag
  </div>
  <div
    class="c5"
  >
    small secondary tag
  </div>
  <div
    class="c6"
  >
    small inverse tag
  </div>
  <div
    class="c7"
  >
    small black tag
  </div>
</div>
`;
